../Core/Src/main.c:88:5:main	440	static
../Core/Src/main.c:194:13:updateDisplay	24	static
../Core/Src/main.c:216:13:TimeManager	40	static
../Core/Src/main.c:300:13:ProductManager	80	static
../Core/Src/main.c:372:13:Predictionfunc	1112	static
../Core/Src/main.c:556:14:SelectStage	80	static
../Core/Src/main.c:991:6:SystemClock_Config	88	static
../Core/Src/main.c:1037:13:MX_I2C1_Init	8	static
../Core/Src/main.c:1071:13:MX_I2S3_Init	8	static
../Core/Src/main.c:1105:13:MX_SPI1_Init	8	static
../Core/Src/main.c:1143:13:MX_USART2_UART_Init	8	static
../Core/Src/main.c:1176:13:MX_GPIO_Init	56	static
../Core/Src/main.c:1275:6:Error_Handler	4	static,ignoring_inline_asm
